[    0.000000] Initializing cgroup subsys cpuset
[    0.000000] Initializing cgroup subsys cpu
[    0.000000] Initializing cgroup subsys cpuacct
[    0.000000] Linux version 4.4.0-97-generic (buildd@lcy01-33) (gcc version 5.4.0 20160609 (Ubuntu 5.4.0-6ubuntu1~16.04.4) ) #120-Ubuntu SMP Tue Sep 19 17:28:18 UTC 2017 (Ubuntu 4.4.0-97.120-generic 4.4.87)
[    0.000000] Command line: BOOT_IMAGE=/boot/vmlinuz-4.4.0-97-generic root=LABEL=cloudimg-rootfs ro console=tty1 console=ttyS0
[    0.000000] KERNEL supported cpus:
[    0.000000]   Intel GenuineIntel
[    0.000000]   AMD AuthenticAMD
[    0.000000]   Centaur CentaurHauls
[    0.000000] x86/fpu: xstate_offset[2]:  576, xstate_sizes[2]:  256
[    0.000000] x86/fpu: Supporting XSAVE feature 0x01: 'x87 floating point registers'
[    0.000000] x86/fpu: Supporting XSAVE feature 0x02: 'SSE registers'
[    0.000000] x86/fpu: Supporting XSAVE feature 0x04: 'AVX registers'
[    0.000000] x86/fpu: Enabled xstate features 0x7, context size is 832 bytes, using 'standard' format.
[    0.000000] x86/fpu: Using 'lazy' FPU context switches.
[    0.000000] e820: BIOS-provided physical RAM map:
[    0.000000] BIOS-e820: [mem 0x0000000000000000-0x000000000009fbff] usable
[    0.000000] BIOS-e820: [mem 0x000000000009fc00-0x000000000009ffff] reserved
[    0.000000] BIOS-e820: [mem 0x00000000000f0000-0x00000000000fffff] reserved
[    0.000000] BIOS-e820: [mem 0x0000000000100000-0x000000003ffeffff] usable
[    0.000000] BIOS-e820: [mem 0x000000003fff0000-0x000000003fffffff] ACPI data
[    0.000000] BIOS-e820: [mem 0x00000000fec00000-0x00000000fec00fff] reserved
[    0.000000] BIOS-e820: [mem 0x00000000fee00000-0x00000000fee00fff] reserved
[    0.000000] BIOS-e820: [mem 0x00000000fffc0000-0x00000000ffffffff] reserved
[    0.000000] NX (Execute Disable) protection: active
[    0.000000] SMBIOS 2.5 present.
[    0.000000] Hypervisor detected: KVM
[    0.000000] e820: last_pfn = 0x3fff0 max_arch_pfn = 0x400000000
[    0.000000] MTRR: Disabled
[    0.000000] x86/PAT: MTRRs disabled, skipping PAT initialization too.
[    0.000000] CPU MTRRs all blank - virtualized system.
[    0.000000] x86/PAT: Configuration [0-7]: WB  WT  UC- UC  WB  WT  UC- UC  
[    0.000000] found SMP MP-table at [mem 0x0009fff0-0x0009ffff] mapped at [ffff88000009fff0]
[    0.000000] Scanning 1 areas for low memory corruption
[    0.000000] RAMDISK: [mem 0x36adc000-0x37565fff]
[    0.000000] ACPI: Early table checksum verification disabled
[    0.000000] ACPI: RSDP 0x00000000000E0000 000024 (v02 VBOX  )
[    0.000000] ACPI: XSDT 0x000000003FFF0030 00003C (v01 VBOX   VBOXXSDT 00000001 ASL  00000061)
[    0.000000] ACPI: FACP 0x000000003FFF00F0 0000F4 (v04 VBOX   VBOXFACP 00000001 ASL  00000061)
[    0.000000] ACPI: DSDT 0x000000003FFF0470 0021FF (v02 VBOX   VBOXBIOS 00000002 INTL 20100528)
[    0.000000] ACPI: FACS 0x000000003FFF0200 000040
[    0.000000] ACPI: FACS 0x000000003FFF0200 000040
[    0.000000] ACPI: APIC 0x000000003FFF0240 00005C (v02 VBOX   VBOXAPIC 00000001 ASL  00000061)
[    0.000000] ACPI: SSDT 0x000000003FFF02A0 0001CC (v01 VBOX   VBOXCPUT 00000002 INTL 20100528)
[    0.000000] No NUMA configuration found
[    0.000000] Faking a node at [mem 0x0000000000000000-0x000000003ffeffff]
[    0.000000] NODE_DATA(0) allocated [mem 0x3ffeb000-0x3ffeffff]
[    0.000000] kvm-clock: Using msrs 4b564d01 and 4b564d00
[    0.000000] kvm-clock: cpu 0, msr 0:3ffe3001, primary cpu clock
[    0.000000] kvm-clock: using sched offset of 3126111100 cycles
[    0.000000] clocksource: kvm-clock: mask: 0xffffffffffffffff max_cycles: 0x1cd42e4dffb, max_idle_ns: 881590591483 ns
[    0.000000] Zone ranges:
[    0.000000]   DMA      [mem 0x0000000000001000-0x0000000000ffffff]
[    0.000000]   DMA32    [mem 0x0000000001000000-0x000000003ffeffff]
[    0.000000]   Normal   empty
[    0.000000]   Device   empty
[    0.000000] Movable zone start for each node
[    0.000000] Early memory node ranges
[    0.000000]   node   0: [mem 0x0000000000001000-0x000000000009efff]
[    0.000000]   node   0: [mem 0x0000000000100000-0x000000003ffeffff]
[    0.000000] Initmem setup node 0 [mem 0x0000000000001000-0x000000003ffeffff]
[    0.000000] ACPI: PM-Timer IO Port: 0x4008
[    0.000000] IOAPIC[0]: apic_id 2, version 32, address 0xfec00000, GSI 0-23
[    0.000000] ACPI: INT_SRC_OVR (bus 0 bus_irq 0 global_irq 2 dfl dfl)
[    0.000000] ACPI: INT_SRC_OVR (bus 0 bus_irq 9 global_irq 9 high level)
[    0.000000] Using ACPI (MADT) for SMP configuration information
[    0.000000] smpboot: Allowing 2 CPUs, 0 hotplug CPUs
[    0.000000] PM: Registered nosave memory: [mem 0x00000000-0x00000fff]
[    0.000000] PM: Registered nosave memory: [mem 0x0009f000-0x0009ffff]
[    0.000000] PM: Registered nosave memory: [mem 0x000a0000-0x000effff]
[    0.000000] PM: Registered nosave memory: [mem 0x000f0000-0x000fffff]
[    0.000000] e820: [mem 0x40000000-0xfebfffff] available for PCI devices
[    0.000000] Booting paravirtualized kernel on KVM
[    0.000000] clocksource: refined-jiffies: mask: 0xffffffff max_cycles: 0xffffffff, max_idle_ns: 7645519600211568 ns
[    0.000000] setup_percpu: NR_CPUS:512 nr_cpumask_bits:512 nr_cpu_ids:2 nr_node_ids:1
[    0.000000] PERCPU: Embedded 34 pages/cpu @ffff88003fc00000 s98328 r8192 d32744 u1048576
[    0.000000] PV qspinlock hash table entries: 256 (order: 0, 4096 bytes)
[    0.000000] Built 1 zonelists in Node order, mobility grouping on.  Total pages: 257913
[    0.000000] Policy zone: DMA32
[    0.000000] Kernel command line: BOOT_IMAGE=/boot/vmlinuz-4.4.0-97-generic root=LABEL=cloudimg-rootfs ro console=tty1 console=ttyS0
[    0.000000] PID hash table entries: 4096 (order: 3, 32768 bytes)
[    0.000000] Memory: 1001772K/1048120K available (8480K kernel code, 1294K rwdata, 3984K rodata, 1492K init, 1316K bss, 46348K reserved, 0K cma-reserved)
[    0.000000] SLUB: HWalign=64, Order=0-3, MinObjects=0, CPUs=2, Nodes=1
[    0.000000] Hierarchical RCU implementation.
[    0.000000] 	Build-time adjustment of leaf fanout to 64.
[    0.000000] 	RCU restricting CPUs from NR_CPUS=512 to nr_cpu_ids=2.
[    0.000000] RCU: Adjusting geometry for rcu_fanout_leaf=64, nr_cpu_ids=2
[    0.000000] NR_IRQS:33024 nr_irqs:440 16
[    0.000000] Console: colour VGA+ 80x25
[    0.000000] console [tty1] enabled
[    0.000000] console [ttyS0] enabled
[    0.000000] tsc: Detected 3100.000 MHz processor
[    0.857723] Calibrating delay loop (skipped) preset value.. 6200.00 BogoMIPS (lpj=12400000)
[    0.865532] pid_max: default: 32768 minimum: 301
[    0.872376] ACPI: Core revision 20150930
[    0.876991] ACPI: 2 ACPI AML tables successfully acquired and loaded
[    0.878769] Security Framework initialized
[    0.882612] Yama: becoming mindful.
[    0.889043] AppArmor: AppArmor initialized
[    0.896107] Dentry cache hash table entries: 131072 (order: 8, 1048576 bytes)
[    0.897541] Inode-cache hash table entries: 65536 (order: 7, 524288 bytes)
[    0.902315] Mount-cache hash table entries: 2048 (order: 2, 16384 bytes)
[    0.904971] Mountpoint-cache hash table entries: 2048 (order: 2, 16384 bytes)
[    0.906646] Initializing cgroup subsys io
[    0.909686] Initializing cgroup subsys memory
[    0.910704] Initializing cgroup subsys devices
[    0.911656] Initializing cgroup subsys freezer
[    0.914111] Initializing cgroup subsys net_cls
[    0.916731] Initializing cgroup subsys perf_event
[    0.917843] Initializing cgroup subsys net_prio
[    0.918889] Initializing cgroup subsys hugetlb
[    0.920466] Initializing cgroup subsys pids
[    0.922102] CPU: Physical Processor ID: 0
[    0.923329] CPU: Processor Core ID: 0
[    0.926268] mce: CPU supports 0 MCE banks
[    0.927307] Last level iTLB entries: 4KB 64, 2MB 8, 4MB 8
[    0.928525] Last level dTLB entries: 4KB 64, 2MB 0, 4MB 0, 1GB 4
[    0.935526] Freeing SMP alternatives memory: 32K
[    0.957286] ftrace: allocating 32148 entries in 126 pages
[    0.998488] smpboot: APIC(0) Converting physical 0 to logical package 0
[    1.002988] smpboot: Max logical packages: 1
[    1.004128] x2apic enabled
[    1.021441] Switched APIC routing to physical x2apic.
[    1.037045] ..TIMER: vector=0x30 apic1=0 pin1=2 apic2=-1 pin2=-1
[    1.156779] smpboot: CPU0: Intel(R) Core(TM) i7-5557U CPU @ 3.10GHz (family: 0x6, model: 0x3d, stepping: 0x4)
[    1.182867] Performance Events: unsupported p6 CPU model 61 no PMU driver, software events only.
[    1.205612] KVM setup paravirtual spinlock
[    1.218596] x86: Booting SMP configuration:
[    1.224147] .... node  #0, CPUs:      #1
[    1.233662] kvm-clock: cpu 1, msr 0:3ffe3041, secondary cpu clock
[    1.242930] mce: CPU supports 0 MCE banks
[    1.247266] x86: Booted up 1 node, 2 CPUs
[    1.250112] smpboot: Total of 2 processors activated (12400.00 BogoMIPS)
[    1.253296] devtmpfs: initialized
[    1.261396] evm: security.selinux
[    1.267804] evm: security.SMACK64
[    1.268628] evm: security.SMACK64EXEC
[    1.272326] evm: security.SMACK64TRANSMUTE
[    1.273346] evm: security.SMACK64MMAP
[    1.274248] evm: security.ima
[    1.288549] evm: security.capability
[    1.290160] clocksource: jiffies: mask: 0xffffffff max_cycles: 0xffffffff, max_idle_ns: 7645041785100000 ns
[    1.299362] futex hash table entries: 512 (order: 3, 32768 bytes)
[    1.302065] pinctrl core: initialized pinctrl subsystem
[    1.314439] RTC time: 18:25:06, date: 03/11/18
[    1.317953] NET: Registered protocol family 16
[    1.332911] cpuidle: using governor ladder
[    1.345357] cpuidle: using governor menu
[    1.349705] PCCT header not found.
[    1.350663] ACPI: bus type PCI registered
[    1.351635] acpiphp: ACPI Hot Plug PCI Controller Driver version: 0.5
[    1.353202] PCI: Using configuration type 1 for base access
[    1.370475] ACPI: Added _OSI(Module Device)
[    1.375658] ACPI: Added _OSI(Processor Device)
[    1.376730] ACPI: Added _OSI(3.0 _SCP Extensions)
[    1.377871] ACPI: Added _OSI(Processor Aggregator Device)
[    1.380752] ACPI: Executed 1 blocks of module-level executable AML code
[    1.384570] ACPI: Interpreter enabled
[    1.388765] ACPI: (supports S0 S5)
[    1.389611] ACPI: Using IOAPIC for interrupt routing
[    1.390880] PCI: Using host bridge windows from ACPI; if necessary, use "pci=nocrs" and report a bug
[    1.397776] ACPI: PCI Root Bridge [PCI0] (domain 0000 [bus 00-ff])
[    1.402103] acpi PNP0A03:00: _OSC: OS supports [ASPM ClockPM Segments MSI]
[    1.406714] acpi PNP0A03:00: _OSC: not requesting OS control; OS requires [ExtendedConfig ASPM ClockPM MSI]
[    1.412056] acpi PNP0A03:00: fail to add MMCONFIG information, can't access extended PCI configuration space under this bridge.
[    1.418395] PCI host bridge to bus 0000:00
[    1.420665] pci_bus 0000:00: root bus resource [io  0x0000-0x0cf7 window]
[    1.427474] pci_bus 0000:00: root bus resource [io  0x0d00-0xffff window]
[    1.430424] pci_bus 0000:00: root bus resource [mem 0x000a0000-0x000bffff window]
[    1.442546] pci_bus 0000:00: root bus resource [mem 0x40000000-0xffdfffff window]
[    1.446046] pci_bus 0000:00: root bus resource [bus 00-ff]
[    1.453131] pci 0000:00:01.1: legacy IDE quirk: reg 0x10: [io  0x01f0-0x01f7]
[    1.462965] pci 0000:00:01.1: legacy IDE quirk: reg 0x14: [io  0x03f6]
[    1.464745] pci 0000:00:01.1: legacy IDE quirk: reg 0x18: [io  0x0170-0x0177]
[    1.477661] pci 0000:00:01.1: legacy IDE quirk: reg 0x1c: [io  0x0376]
[    1.506847] pci 0000:00:07.0: quirk: [io  0x4000-0x403f] claimed by PIIX4 ACPI
[    1.551302] pci 0000:00:07.0: quirk: [io  0x4100-0x410f] claimed by PIIX4 SMB
[    1.650526] ACPI: PCI Interrupt Link [LNKA] (IRQs 5 9 10 *11)
[    1.664258] ACPI: PCI Interrupt Link [LNKB] (IRQs 5 9 10 *11)
[    1.682282] ACPI: PCI Interrupt Link [LNKC] (IRQs 5 9 *10 11)
[    1.694057] ACPI: PCI Interrupt Link [LNKD] (IRQs 5 *9 10 11)
[    1.704396] ACPI: Enabled 2 GPEs in block 00 to 07
[    1.714191] vgaarb: setting as boot device: PCI:0000:00:02.0
[    1.724538] vgaarb: device added: PCI:0000:00:02.0,decodes=io+mem,owns=io+mem,locks=none
[    1.726139] vgaarb: loaded
[    1.731355] vgaarb: bridge control possible 0000:00:02.0
[    1.755496] SCSI subsystem initialized
[    1.758115] ACPI: bus type USB registered
[    1.759139] usbcore: registered new interface driver usbfs
[    1.763773] usbcore: registered new interface driver hub
[    1.764820] usbcore: registered new device driver usb
[    1.766169] PCI: Using ACPI for IRQ routing
[    1.767436] NetLabel: Initializing
[    1.768286] NetLabel:  domain hash size = 128
[    1.773691] NetLabel:  protocols = UNLABELED CIPSOv4
[    1.776186] NetLabel:  unlabeled traffic allowed by default
[    1.782652] amd_nb: Cannot enumerate AMD northbridges
[    1.784110] clocksource: Switched to clocksource kvm-clock
[    1.794388] AppArmor: AppArmor Filesystem Enabled
[    1.801154] pnp: PnP ACPI init
[    1.820871] pnp: PnP ACPI: found 3 devices
[    1.833971] clocksource: acpi_pm: mask: 0xffffff max_cycles: 0xffffff, max_idle_ns: 2085701024 ns
[    1.849301] NET: Registered protocol family 2
[    1.850681] TCP established hash table entries: 8192 (order: 4, 65536 bytes)
[    1.856594] TCP bind hash table entries: 8192 (order: 5, 131072 bytes)
[    1.877596] TCP: Hash tables configured (established 8192 bind 8192)
[    1.920803] UDP hash table entries: 512 (order: 2, 16384 bytes)
[    1.922242] UDP-Lite hash table entries: 512 (order: 2, 16384 bytes)
[    1.935584] NET: Registered protocol family 1
[    1.952470] pci 0000:00:00.0: Limiting direct PCI/PCI transfers
[    1.973872] pci 0000:00:01.0: Activating ISA DMA hang workarounds
[    1.986010] Unpacking initramfs...
[    3.612710] Freeing initrd memory: 10792K
[    3.619136] RAPL PMU detected, API unit is 2^-32 Joules, 4 fixed counters 10737418240 ms ovfl timer
[    3.627767] hw unit of domain pp0-core 2^-0 Joules
[    3.631159] hw unit of domain package 2^-0 Joules
[    3.655966] hw unit of domain dram 2^-0 Joules
[    3.656890] hw unit of domain pp1-gpu 2^-0 Joules
[    3.657876] platform rtc_cmos: registered platform RTC device (no PNP device found)
[    3.671686] Scanning for low memory corruption every 60 seconds
[    3.676521] audit: initializing netlink subsys (disabled)
[    3.694249] audit: type=2000 audit(1520792711.689:1): initialized
[    3.695616] Initialise system trusted keyring
[    3.704975] HugeTLB registered 2 MB page size, pre-allocated 0 pages
[    3.717292] zbud: loaded
[    3.718214] VFS: Disk quotas dquot_6.6.0
[    3.719181] VFS: Dquot-cache hash table entries: 512 (order 0, 4096 bytes)
[    3.720910] squashfs: version 4.0 (2009/01/31) Phillip Lougher
[    3.731381] fuse init (API version 7.23)
[    3.745053] Key type big_key registered
[    3.751114] Allocating IMA MOK and blacklist keyrings.
[    3.786540] Key type asymmetric registered
[    3.857319] Asymmetric key parser 'x509' registered
[    3.869842] Block layer SCSI generic (bsg) driver version 0.4 loaded (major 249)
[    3.871582] io scheduler noop registered
[    3.873666] io scheduler deadline registered (default)
[    3.880641] io scheduler cfq registered
[    3.881699] pci_hotplug: PCI Hot Plug PCI Core version: 0.5
[    3.893174] pciehp: PCI Express Hot Plug Controller Driver version: 0.4
[    3.894955] ACPI: AC Adapter [AC] (on-line)
[    3.900782] input: Power Button as /devices/LNXSYSTM:00/LNXPWRBN:00/input/input0
[    3.916269] ACPI: Power Button [PWRF]
[    3.930420] input: Sleep Button as /devices/LNXSYSTM:00/LNXSLPBN:00/input/input1
[    3.936898] ACPI: Sleep Button [SLPF]
[    3.938806] ACPI: Battery Slot [BAT0] (battery present)
[    3.950648] GHES: HEST is not enabled!
[    3.951790] Serial: 8250/16550 driver, 32 ports, IRQ sharing enabled
[    3.978923] 00:02: ttyS0 at I/O 0x3f8 (irq = 4, base_baud = 115200) is a 16550A
[    3.987863] Linux agpgart interface v0.103
[    4.008445] loop: module loaded
[    4.025925] scsi host0: ata_piix
[    4.026898] scsi host1: ata_piix
[    4.035902] ata1: PATA max UDMA/33 cmd 0x1f0 ctl 0x3f6 bmdma 0xd000 irq 14
[    4.055940] ata2: PATA max UDMA/33 cmd 0x170 ctl 0x376 bmdma 0xd008 irq 15
[    4.062045] libphy: Fixed MDIO Bus: probed
[    4.066859] tun: Universal TUN/TAP device driver, 1.6
[    4.085974] tun: (C) 1999-2004 Max Krasnyansky <maxk@qualcomm.com>
[    4.090410] PPP generic driver version 2.4.2
[    4.095846] ehci_hcd: USB 2.0 'Enhanced' Host Controller (EHCI) Driver
[    4.101476] ehci-pci: EHCI PCI platform driver
[    4.114857] ehci-platform: EHCI generic platform driver
[    4.126259] ohci_hcd: USB 1.1 'Open' Host Controller (OHCI) Driver
[    4.127654] ohci-pci: OHCI PCI platform driver
[    4.128690] ohci-platform: OHCI generic platform driver
[    4.137898] uhci_hcd: USB Universal Host Controller Interface driver
[    4.151457] i8042: PNP: PS/2 Controller [PNP0303:PS2K,PNP0f03:PS2M] at 0x60,0x64 irq 1,12
[    4.157277] serio: i8042 KBD port at 0x60,0x64 irq 1
[    4.196568] serio: i8042 AUX port at 0x60,0x64 irq 12
[    4.212844] mousedev: PS/2 mouse device common for all mice
[    4.216714] rtc_cmos rtc_cmos: rtc core: registered rtc_cmos as rtc0
[    4.216758] input: AT Translated Set 2 keyboard as /devices/platform/i8042/serio0/input/input2
[    4.239428] rtc_cmos rtc_cmos: alarms up to one day, 114 bytes nvram
[    4.240752] i2c /dev entries driver
[    4.241680] device-mapper: uevent: version 1.0.3
[    4.248323] device-mapper: ioctl: 4.34.0-ioctl (2015-10-28) initialised: dm-devel@redhat.com
[    4.250277] ledtrig-cpu: registered to indicate activity on CPUs
[    4.252080] NET: Registered protocol family 10
[    4.253398] NET: Registered protocol family 17
[    4.254438] Key type dns_resolver registered
[    4.255688] microcode: CPU0 sig=0x306d4, pf=0x40, revision=0x0
[    4.266604] microcode: CPU1 sig=0x306d4, pf=0x40, revision=0x0
[    4.298824] microcode: Microcode Update Driver: v2.01 <tigran@aivazian.fsnet.co.uk>, Peter Oruba
[    4.302795] registered taskstats version 1
[    4.303718] Loading compiled-in X.509 certificates
[    4.310623] Loaded X.509 cert 'Build time autogenerated kernel key: d1010f9627fd9242df4b03365d2931dfd1ad3d42'
[    4.314900] zswap: loaded using pool lzo/zbud
[    4.317673] Key type trusted registered
[    4.326715] Key type encrypted registered
[    4.333103] AppArmor: AppArmor sha1 policy hashing enabled
[    4.334343] ima: No TPM chip found, activating TPM-bypass!
[    4.335601] evm: HMAC attrs: 0x1
[    4.354461]   Magic number: 10:92:443
[    4.360788] rtc_cmos rtc_cmos: setting system clock to 2018-03-11 18:25:09 UTC (1520792709)
[    4.375631] BIOS EDD facility v0.16 2004-Jun-25, 0 devices found
[    4.391545] EDD information not available.
[    4.393647] Freeing unused kernel memory: 1492K
[    4.422249] Write protecting the kernel read-only data: 14336k
[    4.424065] Freeing unused kernel memory: 1748K
[    4.433034] Freeing unused kernel memory: 112K
Loading, please wait...
starting version[    4.448269] random: systemd-udevd: uninitialized urandom read (16 bytes read, 3 bits of entropy available)
 229
[    4.450110] random: udevadm: uninitialized urandom read (16 bytes read, 3 bits of entropy available)
[    4.450133] random: udevadm: uninitialized urandom read (16 bytes read, 3 bits of entropy available)
[    4.457891] random: udevadm: uninitialized urandom read (16 bytes read, 3 bits of entropy available)
[    4.457931] random: udevadm: uninitialized urandom read (16 bytes read, 3 bits of entropy available)
[    4.458064] random: udevadm: uninitialized urandom read (16 bytes read, 3 bits of entropy available)
[    4.458123] random: udevadm: uninitialized urandom read (16 bytes read, 3 bits of entropy available)
[    4.458175] random: udevadm: uninitialized urandom read (16 bytes read, 3 bits of entropy available)
[    4.458223] random: udevadm: uninitialized urandom read (16 bytes read, 3 bits of entropy available)
[    4.458268] random: udevadm: uninitialized urandom read (16 bytes read, 3 bits of entropy available)
[    4.612245] e1000: Intel(R) PRO/1000 Network Driver - version 7.3.21-k8-NAPI
[    4.616167] e1000: Copyright (c) 1999-2006 Intel Corporation.
[    4.620280] Fusion MPT base driver 3.04.20
[    4.624283] Copyright (c) 1999-2008 LSI Corporation
[    4.647927] Fusion MPT SPI Host driver 3.04.20
[    4.656489] tsc: Refined TSC clocksource calibration: 3101.464 MHz
[    4.676116] clocksource: tsc: mask: 0xffffffffffffffff max_cycles: 0x2cb4ae82f71, max_idle_ns: 440795302757 ns
[    4.684944] AVX version of gcm_enc/dec engaged.
[    4.688242] AES CTR mode by8 optimization enabled
[    4.837686] input: ImExPS/2 Generic Explorer Mouse as /devices/platform/i8042/serio1/input/input4
[    5.047611] e1000 0000:00:03.0 eth0: (PCI:33MHz:32-bit) 02:51:17:41:23:cb
[    5.053711] e1000 0000:00:03.0 eth0: Intel(R) PRO/1000 Network Connection
[    5.062221] mptbase: ioc0: Initiating bringup
[    5.076297] e1000 0000:00:03.0 enp0s3: renamed from eth0
[    5.149029] ioc0: LSI53C1030 A0: Capabilities={Initiator}
[    5.361913] scsi host2: ioc0: LSI53C1030 A0, FwRev=00000000h, Ports=1, MaxQ=256, IRQ=20
[    5.478569] scsi 2:0:0:0: Direct-Access     VBOX     HARDDISK         1.0  PQ: 0 ANSI: 5
[    5.482169] scsi target2:0:0: Beginning Domain Validation
[    5.485282] scsi target2:0:0: Domain Validation skipping write tests
[    5.486848] scsi target2:0:0: Ending Domain Validation
[    5.493681] scsi target2:0:0: asynchronous
[    5.516867] scsi 2:0:1:0: Direct-Access     VBOX     HARDDISK         1.0  PQ: 0 ANSI: 5
[    5.518842] scsi target2:0:1: Beginning Domain Validation
[    5.521351] scsi target2:0:1: Domain Validation skipping write tests
[    5.522754] scsi target2:0:1: Ending Domain Validation
[    5.524064] scsi target2:0:1: asynchronous
[    5.540404] sd 2:0:0:0: Attached scsi generic sg0 type 0
[    5.541878] sd 2:0:0:0: [sda] 20971520 512-byte logical blocks: (10.7 GB/10.0 GiB)
[    5.544237] sd 2:0:1:0: [sdb] 20480 512-byte logical blocks: (10.5 MB/10.0 MiB)
[    5.547303] sd 2:0:0:0: [sda] Write Protect is off
[    5.547413] sd 2:0:1:0: Attached scsi generic sg1 type 0
[    5.550989] sd 2:0:1:0: [sdb] Write Protect is off
[    5.553457] sd 2:0:0:0: [sda] Incomplete mode parameter data
[    5.553475] sd 2:0:1:0: [sdb] Incomplete mode parameter data
[    5.553476] sd 2:0:1:0: [sdb] Assuming drive cache: write through
[    5.575496] sd 2:0:1:0: [sdb] Attached SCSI disk
[    5.583390] sd 2:0:0:0: [sda] Assuming drive cache: write through
[    5.601773]  sda: sda1
[    5.623720] sd 2:0:0:0: [sda] Attached SCSI disk
[    7.704457] floppy0: no floppy controllers found
Begin: Loading e[    9.048629] md: linear personality registered for level -1
ssential drivers ... [    9.057045] md: multipath personality registered for level -4
[    9.070586] md: raid0 personality registered for level 0
[    9.075350] md: raid1 personality registered for level 1
[    9.152398] raid6: sse2x1   gen()  9475 MB/s
[    9.224152] raid6: sse2x1   xor()  7286 MB/s
[    9.292264] raid6: sse2x2   gen() 10505 MB/s
[    9.364223] raid6: sse2x2   xor()  7807 MB/s
[    9.432223] raid6: sse2x4   gen() 11736 MB/s
[    9.504285] raid6: sse2x4   xor()  2963 MB/s
[    9.509728] raid6: using algorithm sse2x4 gen() 11736 MB/s
[    9.512183] raid6: .... xor() 2963 MB/s, rmw enabled
[    9.520153] raid6: using ssse3x2 recovery algorithm
[    9.526379] xor: automatically using best checksumming function:
[    9.568549]    avx       : 28106.000 MB/sec
[    9.574692] async_tx: api initialized (async)
[    9.587225] md: raid6 personality registered for level 6
[    9.589783] md: raid5 personality registered for level 5
[    9.596394] md: raid4 personality registered for level 4
[    9.606544] md: raid10 personality registered for level 10
done.
Begin: Running /scripts/init-premount ... done.
Begin: Mounting root file system ... Begin: Running /scripts/local-top .[    9.650732] Btrfs loaded
.. done.
Begin: Running /scripts/local-premount[    9.691676] EXT4-fs (sda1): mounted filesystem with ordered data mode. Opts: (null)
 ... Scanning for Btrfs filesystems
done.
Warning: fsck not present, so skipping root file system
done.
Begin: Running /scripts/local-bottom ... done.
Begin: Running /scripts/init-bottom ... done.
[    9.825705] systemd[1]: systemd 229 running in system mode. (+PAM +AUDIT +SELINUX +IMA +APPARMOR +SMACK +SYSVINIT +UTMP +LIBCRYPTSETUP +GCRYPT +GNUTLS +ACL +XZ -LZ4 +SECCOMP +BLKID +ELFUTILS +KMOD -IDN)
[    9.849390] systemd[1]: Detected virtualization oracle.
[    9.856023] systemd[1]: Detected architecture x86-64.

Welcome to [1mUbuntu 16.04.3 LTS[0m!

[    9.889962] systemd[1]: Set hostname to <ubuntu-xenial>.
[   10.026242] systemd[1]: Listening on LVM2 poll daemon socket.
[[0;32m  OK  [0m] Listening on LVM2 poll daemon socket.
[   10.059233] systemd[1]: Set up automount Arbitrary Executable File Formats File System Automount Point.
[[0;32m  OK  [0m] Set up automount Arbitrary Executab...ats File System Automount Point.
[   10.100952] systemd[1]: Created slice User and Session Slice.
[[0;32m  OK  [0m] Created slice User and Session Slice.
[   10.132491] systemd[1]: Started Trigger resolvconf update for networkd DNS.
[[0;32m  OK  [0m] Started Trigger resolvconf update for networkd DNS.
[   10.168369] systemd[1]: Reached target User and Group Name Lookups.
[[0;32m  OK  [0m] Reached target User and Group Name Lookups.
[   10.217943] systemd[1]: Reached target Encrypted Volumes.
[[0;32m  OK  [0m] Reached target Encrypted Volumes.
[   10.280483] systemd[1]: Reached target Swap.
[[0;32m  OK  [0m] Reached target Swap.
[   10.304552] systemd[1]: Listening on Syslog Socket.
[[0;32m  OK  [0m] Listening on Syslog Socket.
[   10.339643] systemd[1]: Listening on Journal Socket.
[[0;32m  OK  [0m] Listening on Journal Socket.
[   10.371705] systemd[1]: Listening on Journal Socket (/dev/log).
[[0;32m  OK  [0m] Listening on Journal Socket (/dev/log).
[   10.421473] systemd[1]: Created slice System Slice.
[[0;32m  OK  [0m] Created slice System Slice.
[   10.467565] systemd[1]: Created slice system-serial\x2dgetty.slice.
[[0;32m  OK  [0m] Created slice system-serial\x2dgetty.slice.
[   10.520656] systemd[1]: Starting Create list of required static device nodes for the current kernel...
         Starting Create list of required st... nodes for the current kernel...
[   10.638351] systemd[1]: Reached target Slices.
[[0;32m  OK  [0m] Reached target Slices.
[   10.700454] systemd[1]: Starting Set console keymap...
         Starting Set console keymap...
[   10.756775] systemd[1]: Mounting Debug File System...
         Mounting Debug File System...
[   10.816452] systemd[1]: Mounting POSIX Message Queue File System...
         Mounting POSIX Message Queue File System...
[   10.846390] random: nonblocking pool is initialized
[   10.889429] systemd[1]: Starting Load Kernel Modules...
         Starting Load Kernel Mo[   10.901954] Loading iSCSI transport class v2.0-870.
dules...
[   10.938553] iscsi: registered transport (tcp)
[   11.005881] systemd[1]: Mounting Huge Pages File System...
         Mounting Huge Pages File System...
[   11.056254] iscsi: registered transport (iser)
[   11.068604] systemd[1]: Started Forward Password Requests to Wall Directory Watch.
[[0;32m  OK  [0m] Started Forward Password Requests to Wall Directory Watch.
[   11.132741] systemd[1]: Starting Nameserver information manager...
         Starting Nameserver information manager...
[   11.173229] systemd[1]: Listening on /dev/initctl Compatibility Named Pipe.
[[0;32m  OK  [0m] Listening on /dev/initctl Compatibility Named Pipe.
[   11.217097] systemd[1]: Listening on udev Kernel Socket.
[[0;32m  OK  [0m] Listening on udev Kernel Socket.
[   11.280800] systemd[1]: Starting Remount Root and Kernel File Systems...
[   11.285143] EXT4-fs (sda1): re-mounted. Opts: (null)
         Starting Remount Root and Kernel File Systems...
[   11.302158] systemd[1]: Listening on udev Control Socket.
[[0;32m  OK  [0m] Listening on udev Control Socket.
[   11.318738] systemd[1]: Listening on Journal Audit Socket.
[[0;32m  OK  [0m] Listening on Journal Audit Socket.
[   11.325736] systemd[1]: Starting Journal Service...
         Starting Journal Service...
[   11.331348] systemd[1]: Listening on LVM2 metadata daemon socket.
[[0;32m  OK  [0m] Listening on LVM2 metadata daemon socket.
[   11.368560] systemd[1]: Starting Uncomplicated firewall...
         Starting Uncomplicated firewall...
[   11.384819] systemd[1]: Listening on Device-mapper event daemon FIFOs.
[[0;32m  OK  [0m] Listening on Device-mapper event daemon FIFOs.
[   11.424528] systemd[1]: Starting Monitoring of LVM2 mirrors, snapshots etc. using dmeventd or progress polling...
         Starting Monitoring of LVM2 mirrors... dmeventd or progress polling...
[   11.441538] systemd[1]: Mounted POSIX Message Queue File System.
[[0;32m  OK  [0m] Mounted POSIX Message Queue File System.
[   11.452391] systemd[1]: Mounted Huge Pages File System.
[[0;32m  OK  [0m] Mounted Huge Pages File System.
[   11.455914] systemd[1]: Mounted Debug File System.
[[0;32m  OK  [0m] Mounted Debug File System.
[   11.459095] systemd[1]: Started Journal Service.
[[0;32m  OK  [0m] Started Journal Service.
[[0;32m  OK  [0m] Started Create list of required sta...ce nodes for the current kernel.
[[0;32m  OK  [0m] Started Set console keymap.
[[0;32m  OK  [0m] Started Load Kernel Modules.
[[0;32m  OK  [0m] Started Remount Root and Kernel File Systems.
[[0;32m  OK  [0m] Started Uncomplicated firewall.
[[0;32m  OK  [0m] Started Nameserver information manager.
[[0;32m  OK  [0m] Started LVM2 metadata daemon.
         Starting Load/Save Random Seed...
         Starting udev Coldplug all Devices...
         Starting Initial cloud-init job (pre-networking)...
         Mounting FUSE Control File System...
         Starting Apply Kernel Variables...
         Starting Create Static Device Nodes in /dev...
         Starting Flush Journal to Persistent Storage...
[[0;32m  OK  [0m] Mounted FUSE Control File System.
[[0;32m  OK  [0m] Started Load/Save Random Seed.
[[0;32m  OK  [0m] Started Apply Kernel Variables.
[[0;32m  OK  [0m] Started Create Static Device Nodes in /dev.
[[0;32m  OK  [0m] Started Monitoring of LVM2 mirrors,...ng dmeventd or progress polling.
[[0;32m  OK  [0m] Started udev Coldplug all Devices.
[[0;32m  OK  [0m] Started Flush Journal to Persistent Storage.
         Starting udev Kernel Device Manager...
[[0;32m  OK  [0m] Started udev Kernel Device Manager.
[[0;32m  OK  [0m] Reached target Local File Systems (Pre).
[[0;32m  OK  [0m] Reached target Local File Systems.
         Starting Set console font and keymap...
         Starting Tell Plymouth To Write Out Runtime Data...
         Starting Create Volatile Files and Directories...
         Starting LSB: AppArmor initialization...
[[0;32m  OK  [0m] Started Dispatch Password Requests to Console Directory Watch.
[[0;32m  OK  [0m] Started Tell Plymouth To Write Out Runtime Data.
[[0;32m  OK  [0m] Started Create Volatile Files and Directories.
         Starting Update UTMP about System Boot/Shutdown...
[[0;32m  OK  [0m] Reached target System Time Synchronized.
[[0;32m  OK  [0m] Started LSB: AppArmor initialization.
[[0;32m  OK  [0m] Started Update UTMP about System Boot/Shutdown.
[[0;32m  OK  [0m] Found device /dev/ttyS0.
[[0;32m  OK  [0m] Found device 82540EM Gigabit Ethern...r (PRO/1000 MT Desktop Adapter).
[[0;32m  OK  [0m] Listening on Load/Save RF Kill Switch Status /dev/rfkill Watch.
[[0;32m  OK  [0m] Started Set console font and keymap.
[[0;32m  OK  [0m] Created slice system-getty.slice.
[   12.105286] cloud-init[454]: Cloud-init v. 0.7.9 running 'init-local' at Sun, 11 Mar 2018 18:25:18 +0000. Up 11.65 seconds.
[[0;32m  OK  [0m] Started Initial cloud-init job (pre-networking).
[[0;32m  OK  [0m] Reached target Network (Pre).
         Starting Raise network interfaces...
[[0;32m  OK  [0m] Started ifup for enp0s3.
[[0;32m  OK  [0m] Started Raise network interfaces.
[[0;32m  OK  [0m] Reached target Network.
         Starting Initial cloud-init job (metadata service crawler)...
[   14.784752] cloud-init[955]: Cloud-init v. 0.7.9 running 'init' at Sun, 11 Mar 2018 18:25:20 +0000. Up 14.50 seconds.
[   14.803154] cloud-init[955]: ci-info: +++++++++++++++++++++++++++++++++++++Net device info++++++++++++++++++++++++++++++++++++++
[   14.807319] cloud-init[955]: ci-info: +--------+------+----------------------------+---------------+-------+-------------------+
[   14.816110] cloud-init[955]: ci-info: | Device |  Up  |          Address           |      Mask     | Scope |     Hw-Address    |
[   14.842918] cloud-init[955]: ci-info: +--------+------+----------------------------+---------------+-------+-------------------+
[[0;32m  OK  [0m] Started Initial cloud-init job (metadata service crawler).
[[0;32m  OK  [0m] Reached target Cloud-config availability.
[[0;32m  OK  [0m] Reached target Network is Online.
[   14.864635] cloud-init[955]: ci-info: |   lo   | True |         127.0.0.1          |   255.0.0.0   |   .   |         .         |
[   14.885031]          Starting iSCSI initiator daemon (iscsid)...
[[0;32m  OK  [0m] Reached target System Initialization.
cloud-init[955]: ci-info: |   lo   | True |          ::1/128           |       .       |  host |         .         |
[[0;32m  OK  [0m] Listening on ACPID Listen Socket.
[   14.913030]          Starting Socket activation for snappy daemon.
[[0;32m  OK  [0m] Started Daily Cleanup of Temporary Directories.
cloud-init[955]: ci-info: | enp0s3 | True |         10.0.2.15          | 255.255.255.0 |   .   | 02:51:17:41:23:cb |
[[0;32m  OK  [0m] Started Timer to automatically fetch and run repair assertions.
[[0;32m  OK  [0m] Listening on D-Bus System Message Bus Socket.
[   14.941793] cloud-init[955]: ci-info: | enp0s3 | True | fe80::51:17ff:fe41:23cb/64 |       .       |  link | 02:51:17:41:23:cb |
[[0;32m  OK  [0m] Started Timer to automatically refresh installed snaps.
[   15.086956] cloud-init[955]: ci-info: +--------+------+----------------------------+---------------+-------+-------------------+
[   15.117926] cloud-init[955]: ci-info: +++++++++++++++++++++++++++Route IPv4 info++++++++++++++++++++++++++++
[[0;32m  OK  [0m] Started ACPI Events Check.
[[0;32m  OK  [0m] Reached target Paths.
[[0;32m  OK  [0m] Listening on UUID daemon activation socket.
[   15.131884] cloud-init[955]: ci-info: +-------+-------------+----------+---------------+-----------+-------+
[   15.191189] cloud-init[955]: ci-info: | Route | Destination | Gateway  |    Genmask    | Interface | Flags |
[   15.232669] cloud-init[955]: ci-info: +-------+-------------+----------+---------------+-----------+-------+
[[0;32m  OK  [0m] Started Daily apt download activities.
[[   15.240704] cloud-init[955]: ci-info: |   0   |   0.0.0.0   | 10.0.2.2 |    0.0.0.0    |   enp0s3  |   UG  |
[   15.248213] cloud-init[955]: ci-info: |   1   |   10.0.2.0  | 0.0.0.0  | 255.255.255.0 |   enp0s3  |   U   |
[   15.248388] cloud-init[955]: ci-info: +-------+-------------+----------+---------------+-----------+-------+
[0;32m  OK  [0m] Started Daily apt upgrade and clean activities.
[[0;32m  OK  [0m] Reached target Timers.
         Starting LXD - unix socket.
[[0;32m  OK  [0m] Listening on Socket activation for snappy daemon.
[[0;32m  OK  [0m] Listening on LXD - unix socket.
[[0;32m  OK  [0m] Started iSCSI initiator daemon (iscsid).
         Starting Login to default iSCSI targets...
[[0;32m  OK  [0m] Reached target Sockets.
[[0;32m  OK  [0m] Reached target Basic System.
         Starting Login Service...
[[0;32m  OK  [0m] Started ACPI event daemon.
[[0;32m  OK  [0m] Started D-Bus System Message Bus.
[[0;32m  OK  [0m] Started Regular background program processing daemon.
         Starting /etc/rc.local Compatibility...
         Starting LSB: Record successful boot for GRUB...
[[0;32m  OK  [0m] Started FUSE filesystem for LXC.
         Starting OpenBSD Secure Shell server...
         Starting Accounts Service...
[[0;32m  OK  [0m] Started Unattended Upgrades Shutdown.
         Starting Apply the settings specified in cloud-config...
         Starting System Logging Service...
         Starting LXD - container startup/shutdown...
         Starting LSB: MD monitoring daemon...
[[0;32m  OK  [0m] Started Deferred execution scheduler.
         Starting Snappy daemon...
[[0;32m  OK  [0m] Started /etc/rc.local Compatibility.
[[0;32m  OK  [0m] Started System Logging Service.
[[0;32m  OK  [0m] Started Login to default iSCSI targets.
[[0;32m  OK  [0m] Started OpenBSD Secure Shell server.
[[0;32m  OK  [0m] Started LSB: Record successful boot for GRUB.
[[0;32m  OK  [0m] Started Login Service.
         Starting Authenticate and Authorize Users to Run Privileged Tasks...
[[0;32m  OK  [0m] Reached target Remote File Systems (Pre).
[[0;32m  OK  [0m] Reached target Remote File Systems.
         Starting LSB: automatic crash report generation...
         Starting LSB: VirtualBox Linux Additions...
         Starting LSB: Set the CPU Frequency Scaling governor to "ondemand"...
         Starting Permit User Sessions...
         Starting LSB: daemon to balance interrupts for SMP systems...
[[0;32m  OK  [0m] Started Snappy daemon.
[[0;32m  OK  [0m] Started LXD - container startup/shutdown.
[[0;32m  OK  [0m] Started LSB: MD monitoring daemon.
[[0;32m  OK  [0m] Started Permit User Sessions.
[[0;32m  OK  [0m] Started Authenticate and Authorize Users to Run Privileged Tasks.
[[0;32m  OK  [0m] Started Accounts Service.
[[0;32m  OK  [0m] Started LSB: automatic crash report generation.
[[0;32m  OK  [0m] Started LSB: Set the CPU Frequency Scaling governor to "ondemand".
         Starting Hold until boot process finishes up...
         Starting Terminate Plymouth Boot Screen...
         Starting Auto import assertions from block devices...
[[0;32m  OK  [0m] Started LSB: VirtualBox Linux Additions.
[[0;32m  OK  [0m] Started LSB: daemon to balance interrupts for SMP systems.
[[0;32m  OK  [0m] Started Hold until boot process finishes up.
[[0;32m  OK  [0m] Started Terminate Plymouth Boot Screen.
[[0;32m  OK  [0m] Started Auto import assertions from block devices.
         Starting Set console scheme...
[[0;32m  OK  [0m] Started Serial Getty on ttyS0.
[[0;32m  OK  [0m] Started Getty on tty1.
[[0;32m  OK  [0m] Reached target Login Prompts.
[[0;32m  OK  [0m] Reached target Multi-User System.
[[0;32m  OK  [0m] Reached target Graphical Interface.
         Starting Update UTMP about System Runlevel Changes...
[[0;32m  OK  [0m] Started Set console scheme.
[[0;32m  OK  [0m] Started Update UTMP about System Runlevel Changes.
[   16.525026] cloud-init[1041]: Cloud-init v. 0.7.9 running 'modules:config' at Sun, 11 Mar 2018 18:25:22 +0000. Up 16.25 seconds.
[[0;32m  OK  [0m] Started Apply the settings specified in cloud-config.
         Starting Execute cloud user/final scripts...
[   17.247094] cloud-init[1195]: Cloud-init v. 0.7.9 running 'modules:final' at Sun, 11 Mar 2018 18:25:23 +0000. Up 17.12 seconds.
[   17.381991] cloud-init[1195]: Cloud-init v. 0.7.9 finished at Sun, 11 Mar 2018 18:25:23 +0000. Datasource DataSourceNoCloud [seed=/dev/sdb][dsmode=net].  Up 17.24 seconds
[[0;32m  OK  [0m] Started Execute cloud user/final scripts.
[[0;32m  OK  [0m] Reached target Cloud-init target.

Ubuntu 16.04.3 LTS ubuntu-xenial ttyS0

ubuntu-xenial login: 